---
source: dynamecs-analyze/tests/unit_tests/timing.rs
expression: format_timing_tree(&tree0)
---
Total     Average   Self     Count  Rel parent  Rel root  Span                    
═══════════════════════════════════════════════════════════════════════════════════
  8.0 s     8.0 s    25.0 %      1         N/A  100.0 %   step                    
  6.0 s     6.0 s    16.7 %      1      75.0 %   75.0 %   └── simulate            
  3.0 s     3.0 s   100.0 %      1      50.0 %   37.5 %       ├── assemble        
  2.0 s     2.0 s   100.0 %      1      33.3 %   25.0 %       └── solve           
═══════════════════════════════════════════════════════════════════════════════════

