---
source: dynamecs-tool/tests/system.rs
expression: stdout_str
---
Timings for step index 0
════════════════════════════════
  Total      Average    Count  Rel parent  Rel root  Span                          
  ══════════════════════════════════════════════════════════════════════════════════
   808.0 μs   808.0 μs      1         N/A   100.0 %  step                          
    78.0 μs    39.0 μs      2       9.7 %     9.7 %  ├── post_systems              
    37.0 μs    37.0 μs      1       4.6 %     4.6 %  ├── pre_systems               
   295.0 μs   295.0 μs      1      36.5 %    36.5 %  └── simulation_systems        
   134.0 μs   134.0 μs      1      45.4 %    16.6 %      └── span1                 
    42.0 μs    42.0 μs      1      31.3 %     5.2 %          └── span2             
  ══════════════════════════════════════════════════════════════════════════════════


Timings for step index 1
════════════════════════════════
  Total      Average    Count  Rel parent  Rel root  Span                          
  ══════════════════════════════════════════════════════════════════════════════════
   624.0 μs   624.0 μs      1         N/A   100.0 %  step                          
    37.0 μs    37.0 μs      1       5.9 %     5.9 %  ├── post_systems              
    37.0 μs    37.0 μs      1       5.9 %     5.9 %  ├── pre_systems               
   281.0 μs   281.0 μs      1      45.0 %    45.0 %  └── simulation_systems        
   139.0 μs   139.0 μs      1      49.5 %    22.3 %      └── span1                 
    42.0 μs    42.0 μs      1      30.2 %     6.7 %          └── span2             
  ══════════════════════════════════════════════════════════════════════════════════


Aggregate timings
════════════════════════════════

  Total      Average    Count  Rel parent  Rel root  Span                              
  ══════════════════════════════════════════════════════════════════════════════════════
     1.8 ms     1.8 ms      1         N/A   100.0 %  run                               
     1.4 ms   716.0 μs      2      81.1 %    81.1 %  └── step                          
   115.0 μs    38.3 μs      3       8.0 %     6.5 %      ├── post_systems              
    74.0 μs    37.0 μs      2       5.2 %     4.2 %      ├── pre_systems               
   576.0 μs   288.0 μs      2      40.2 %    32.6 %      └── simulation_systems        
   273.0 μs   136.5 μs      2      47.4 %    15.5 %          └── span1                 
    84.0 μs    42.0 μs      2      30.8 %     4.8 %              └── span2             
  ══════════════════════════════════════════════════════════════════════════════════════


Number of completed time steps: 2

