---
source: dynamecs-tool/tests/system.rs
expression: stdout_str
---
Timings for step index 0
════════════════════════════════
  Total      Average    Count  Rel parent  Rel root  Span                 
  ═════════════════════════════════════════════════════════════════════════
   424.0 μs   424.0 μs      1         N/A   100.0 %  step                 
   124.0 μs   124.0 μs      1      29.2 %    29.2 %  └── span1            
    39.0 μs    39.0 μs      1      31.5 %     9.2 %      └── span2        
  ═════════════════════════════════════════════════════════════════════════


Timings for step index 1
════════════════════════════════
  Total      Average    Count  Rel parent  Rel root  Span                 
  ═════════════════════════════════════════════════════════════════════════
   339.0 μs   339.0 μs      1         N/A   100.0 %  step                 
   116.0 μs   116.0 μs      1      34.2 %    34.2 %  └── span1            
    37.0 μs    37.0 μs      1      31.9 %    10.9 %      └── span2        
  ═════════════════════════════════════════════════════════════════════════


Aggregate timings
════════════════════════════════

  Total      Average    Count  Rel parent  Rel root  Span                     
  ═════════════════════════════════════════════════════════════════════════════
     1.1 ms     1.1 ms      1         N/A   100.0 %  run                      
   763.0 μs   381.5 μs      2      69.6 %    69.6 %  └── step                 
   240.0 μs   120.0 μs      2      31.5 %    21.9 %      └── span1            
    76.0 μs    38.0 μs      2      31.7 %     6.9 %          └── span2        
  ═════════════════════════════════════════════════════════════════════════════


Number of completed time steps: 2

